The system is: Linux - 6.1.0-43-amd64 - x86_64
Compiling the CXX compiler identification source file "CMakeCXXCompilerId.cpp" succeeded.
Compiler: /lab/home/labsticc/abdallah/gcc-install/bin/g++ 
Build flags: 
Id flags:  

The output was:
0


Compilation of the CXX compiler identification source "CMakeCXXCompilerId.cpp" produced "a.out"

The CXX compiler identification is GNU, found in "/lab/home/labsticc/abdallah/Documents/SC_PolarDecFreqDomainFER_Sim/dav8/CMakeFiles/3.25.1/CompilerIdCXX/a.out"

Detecting CXX compiler ABI info compiled with the following output:
Change Dir: /lab/home/labsticc/abdallah/Documents/SC_PolarDecFreqDomainFER_Sim/dav8/CMakeFiles/CMakeScratch/TryCompile-vjIoCn

Run Build Command(s):/usr/bin/gmake -f Makefile cmTC_86ebb/fast && /usr/bin/gmake  -f CMakeFiles/cmTC_86ebb.dir/build.make CMakeFiles/cmTC_86ebb.dir/build
gmake[1]: Entering directory '/lab/home/labsticc/abdallah/Documents/SC_PolarDecFreqDomainFER_Sim/dav8/CMakeFiles/CMakeScratch/TryCompile-vjIoCn'
Building CXX object CMakeFiles/cmTC_86ebb.dir/CMakeCXXCompilerABI.cpp.o
/lab/home/labsticc/abdallah/gcc-install/bin/g++   -v -o CMakeFiles/cmTC_86ebb.dir/CMakeCXXCompilerABI.cpp.o -c /usr/share/cmake-3.25/Modules/CMakeCXXCompilerABI.cpp
Using built-in specs.
COLLECT_GCC=/lab/home/labsticc/abdallah/gcc-install/bin/g++
Target: x86_64-pc-linux-gnu
Configured with: ../gcc-14.2.0/configure --prefix=/lab/home/labsticc/abdallah/gcc-install --disable-multilib --enable-languages=c,c++ --disable-nls --with-system-zlib
Thread model: posix
Supported LTO compression algorithms: zlib
gcc version 14.2.0 (GCC) 
COLLECT_GCC_OPTIONS='-v' '-o' 'CMakeFiles/cmTC_86ebb.dir/CMakeCXXCompilerABI.cpp.o' '-c' '-shared-libgcc' '-mtune=generic' '-march=x86-64' '-dumpdir' 'CMakeFiles/cmTC_86ebb.dir/'
 /lab/home/labsticc/abdallah/gcc-install/libexec/gcc/x86_64-pc-linux-gnu/14.2.0/cc1plus -quiet -v -imultiarch x86_64-linux-gnu -D_GNU_SOURCE /usr/share/cmake-3.25/Modules/CMakeCXXCompilerABI.cpp -quiet -dumpdir CMakeFiles/cmTC_86ebb.dir/ -dumpbase CMakeCXXCompilerABI.cpp.cpp -dumpbase-ext .cpp -mtune=generic -march=x86-64 -version -o /tmp/ccQHN5A0.s
GNU C++17 (GCC) version 14.2.0 (x86_64-pc-linux-gnu)
	compiled by GNU C version 14.2.0, GMP version 6.2.1, MPFR version 4.1.0, MPC version 1.2.1, isl version isl-0.24-GMP

GGC heuristics: --param ggc-min-expand=100 --param ggc-min-heapsize=131072
ignoring nonexistent directory "/usr/local/include/x86_64-linux-gnu"
ignoring nonexistent directory "/lab/home/labsticc/abdallah/gcc-install/lib/gcc/x86_64-pc-linux-gnu/14.2.0/include-fixed/x86_64-linux-gnu"
ignoring nonexistent directory "/lab/home/labsticc/abdallah/gcc-install/lib/gcc/x86_64-pc-linux-gnu/14.2.0/../../../../x86_64-pc-linux-gnu/include"
#include "..." search starts here:
#include <...> search starts here:
 /lab/home/labsticc/abdallah/gcc-install/lib/gcc/x86_64-pc-linux-gnu/14.2.0/../../../../include/c++/14.2.0
 /lab/home/labsticc/abdallah/gcc-install/lib/gcc/x86_64-pc-linux-gnu/14.2.0/../../../../include/c++/14.2.0/x86_64-pc-linux-gnu
 /lab/home/labsticc/abdallah/gcc-install/lib/gcc/x86_64-pc-linux-gnu/14.2.0/../../../../include/c++/14.2.0/backward
 /lab/home/labsticc/abdallah/gcc-install/lib/gcc/x86_64-pc-linux-gnu/14.2.0/include
 /usr/local/include
 /lab/home/labsticc/abdallah/gcc-install/include
 /lab/home/labsticc/abdallah/gcc-install/lib/gcc/x86_64-pc-linux-gnu/14.2.0/include-fixed
 /usr/include/x86_64-linux-gnu
 /usr/include
End of search list.
Compiler executable checksum: 5d659a0dd597c6877d4c14caa4207daa
COLLECT_GCC_OPTIONS='-v' '-o' 'CMakeFiles/cmTC_86ebb.dir/CMakeCXXCompilerABI.cpp.o' '-c' '-shared-libgcc' '-mtune=generic' '-march=x86-64' '-dumpdir' 'CMakeFiles/cmTC_86ebb.dir/'
 as -v --64 -o CMakeFiles/cmTC_86ebb.dir/CMakeCXXCompilerABI.cpp.o /tmp/ccQHN5A0.s
GNU assembler version 2.40 (x86_64-linux-gnu) using BFD version (GNU Binutils for Debian) 2.40
COMPILER_PATH=/lab/home/labsticc/abdallah/gcc-install/libexec/gcc/x86_64-pc-linux-gnu/14.2.0/:/lab/home/labsticc/abdallah/gcc-install/libexec/gcc/x86_64-pc-linux-gnu/14.2.0/:/lab/home/labsticc/abdallah/gcc-install/libexec/gcc/x86_64-pc-linux-gnu/:/lab/home/labsticc/abdallah/gcc-install/lib/gcc/x86_64-pc-linux-gnu/14.2.0/:/lab/home/labsticc/abdallah/gcc-install/lib/gcc/x86_64-pc-linux-gnu/
LIBRARY_PATH=/lab/home/labsticc/abdallah/gcc-install/lib/gcc/x86_64-pc-linux-gnu/14.2.0/:/lab/home/labsticc/abdallah/gcc-install/lib/gcc/x86_64-pc-linux-gnu/14.2.0/../../../../lib64/:/lib/x86_64-linux-gnu/:/lib/../lib64/:/usr/lib/x86_64-linux-gnu/:/usr/lib/../lib64/:/lab/home/labsticc/abdallah/gcc-install/lib/gcc/x86_64-pc-linux-gnu/14.2.0/../../../:/lib/:/usr/lib/
COLLECT_GCC_OPTIONS='-v' '-o' 'CMakeFiles/cmTC_86ebb.dir/CMakeCXXCompilerABI.cpp.o' '-c' '-shared-libgcc' '-mtune=generic' '-march=x86-64' '-dumpdir' 'CMakeFiles/cmTC_86ebb.dir/CMakeCXXCompilerABI.cpp.'
Linking CXX executable cmTC_86ebb
/usr/bin/cmake -E cmake_link_script CMakeFiles/cmTC_86ebb.dir/link.txt --verbose=1
/lab/home/labsticc/abdallah/gcc-install/bin/g++  -v CMakeFiles/cmTC_86ebb.dir/CMakeCXXCompilerABI.cpp.o -o cmTC_86ebb 
Using built-in specs.
COLLECT_GCC=/lab/home/labsticc/abdallah/gcc-install/bin/g++
COLLECT_LTO_WRAPPER=/lab/home/labsticc/abdallah/gcc-install/libexec/gcc/x86_64-pc-linux-gnu/14.2.0/lto-wrapper
Target: x86_64-pc-linux-gnu
Configured with: ../gcc-14.2.0/configure --prefix=/lab/home/labsticc/abdallah/gcc-install --disable-multilib --enable-languages=c,c++ --disable-nls --with-system-zlib
Thread model: posix
Supported LTO compression algorithms: zlib
gcc version 14.2.0 (GCC) 
COMPILER_PATH=/lab/home/labsticc/abdallah/gcc-install/libexec/gcc/x86_64-pc-linux-gnu/14.2.0/:/lab/home/labsticc/abdallah/gcc-install/libexec/gcc/x86_64-pc-linux-gnu/14.2.0/:/lab/home/labsticc/abdallah/gcc-install/libexec/gcc/x86_64-pc-linux-gnu/:/lab/home/labsticc/abdallah/gcc-install/lib/gcc/x86_64-pc-linux-gnu/14.2.0/:/lab/home/labsticc/abdallah/gcc-install/lib/gcc/x86_64-pc-linux-gnu/
LIBRARY_PATH=/lab/home/labsticc/abdallah/gcc-install/lib/gcc/x86_64-pc-linux-gnu/14.2.0/:/lab/home/labsticc/abdallah/gcc-install/lib/gcc/x86_64-pc-linux-gnu/14.2.0/../../../../lib64/:/lib/x86_64-linux-gnu/:/lib/../lib64/:/usr/lib/x86_64-linux-gnu/:/usr/lib/../lib64/:/lab/home/labsticc/abdallah/gcc-install/lib/gcc/x86_64-pc-linux-gnu/14.2.0/../../../:/lib/:/usr/lib/
COLLECT_GCC_OPTIONS='-v' '-o' 'cmTC_86ebb' '-shared-libgcc' '-mtune=generic' '-march=x86-64' '-dumpdir' 'cmTC_86ebb.'
 /lab/home/labsticc/abdallah/gcc-install/libexec/gcc/x86_64-pc-linux-gnu/14.2.0/collect2 -plugin /lab/home/labsticc/abdallah/gcc-install/libexec/gcc/x86_64-pc-linux-gnu/14.2.0/liblto_plugin.so -plugin-opt=/lab/home/labsticc/abdallah/gcc-install/libexec/gcc/x86_64-pc-linux-gnu/14.2.0/lto-wrapper -plugin-opt=-fresolution=/tmp/ccUmHdLC.res -plugin-opt=-pass-through=-lgcc_s -plugin-opt=-pass-through=-lgcc -plugin-opt=-pass-through=-lc -plugin-opt=-pass-through=-lgcc_s -plugin-opt=-pass-through=-lgcc --eh-frame-hdr -m elf_x86_64 -dynamic-linker /lib64/ld-linux-x86-64.so.2 -o cmTC_86ebb /lib/x86_64-linux-gnu/crt1.o /lib/x86_64-linux-gnu/crti.o /lab/home/labsticc/abdallah/gcc-install/lib/gcc/x86_64-pc-linux-gnu/14.2.0/crtbegin.o -L/lab/home/labsticc/abdallah/gcc-install/lib/gcc/x86_64-pc-linux-gnu/14.2.0 -L/lab/home/labsticc/abdallah/gcc-install/lib/gcc/x86_64-pc-linux-gnu/14.2.0/../../../../lib64 -L/lib/x86_64-linux-gnu -L/lib/../lib64 -L/usr/lib/x86_64-linux-gnu -L/usr/lib/../lib64 -L/lab/home/labsticc/abdallah/gcc-install/lib/gcc/x86_64-pc-linux-gnu/14.2.0/../../.. CMakeFiles/cmTC_86ebb.dir/CMakeCXXCompilerABI.cpp.o -lstdc++ -lm -lgcc_s -lgcc -lc -lgcc_s -lgcc /lab/home/labsticc/abdallah/gcc-install/lib/gcc/x86_64-pc-linux-gnu/14.2.0/crtend.o /lib/x86_64-linux-gnu/crtn.o
COLLECT_GCC_OPTIONS='-v' '-o' 'cmTC_86ebb' '-shared-libgcc' '-mtune=generic' '-march=x86-64' '-dumpdir' 'cmTC_86ebb.'
gmake[1]: Leaving directory '/lab/home/labsticc/abdallah/Documents/SC_PolarDecFreqDomainFER_Sim/dav8/CMakeFiles/CMakeScratch/TryCompile-vjIoCn'



Parsed CXX implicit include dir info from above output: rv=done
  found start of include info
  found start of implicit include info
    add: [/lab/home/labsticc/abdallah/gcc-install/lib/gcc/x86_64-pc-linux-gnu/14.2.0/../../../../include/c++/14.2.0]
    add: [/lab/home/labsticc/abdallah/gcc-install/lib/gcc/x86_64-pc-linux-gnu/14.2.0/../../../../include/c++/14.2.0/x86_64-pc-linux-gnu]
    add: [/lab/home/labsticc/abdallah/gcc-install/lib/gcc/x86_64-pc-linux-gnu/14.2.0/../../../../include/c++/14.2.0/backward]
    add: [/lab/home/labsticc/abdallah/gcc-install/lib/gcc/x86_64-pc-linux-gnu/14.2.0/include]
    add: [/usr/local/include]
    add: [/lab/home/labsticc/abdallah/gcc-install/include]
    add: [/lab/home/labsticc/abdallah/gcc-install/lib/gcc/x86_64-pc-linux-gnu/14.2.0/include-fixed]
    add: [/usr/include/x86_64-linux-gnu]
    add: [/usr/include]
  end of search list found
  collapse include dir [/lab/home/labsticc/abdallah/gcc-install/lib/gcc/x86_64-pc-linux-gnu/14.2.0/../../../../include/c++/14.2.0] ==> [/lab/home/labsticc/abdallah/gcc-install/include/c++/14.2.0]
  collapse include dir [/lab/home/labsticc/abdallah/gcc-install/lib/gcc/x86_64-pc-linux-gnu/14.2.0/../../../../include/c++/14.2.0/x86_64-pc-linux-gnu] ==> [/lab/home/labsticc/abdallah/gcc-install/include/c++/14.2.0/x86_64-pc-linux-gnu]
  collapse include dir [/lab/home/labsticc/abdallah/gcc-install/lib/gcc/x86_64-pc-linux-gnu/14.2.0/../../../../include/c++/14.2.0/backward] ==> [/lab/home/labsticc/abdallah/gcc-install/include/c++/14.2.0/backward]
  collapse include dir [/lab/home/labsticc/abdallah/gcc-install/lib/gcc/x86_64-pc-linux-gnu/14.2.0/include] ==> [/lab/home/labsticc/abdallah/gcc-install/lib/gcc/x86_64-pc-linux-gnu/14.2.0/include]
  collapse include dir [/usr/local/include] ==> [/usr/local/include]
  collapse include dir [/lab/home/labsticc/abdallah/gcc-install/include] ==> [/lab/home/labsticc/abdallah/gcc-install/include]
  collapse include dir [/lab/home/labsticc/abdallah/gcc-install/lib/gcc/x86_64-pc-linux-gnu/14.2.0/include-fixed] ==> [/lab/home/labsticc/abdallah/gcc-install/lib/gcc/x86_64-pc-linux-gnu/14.2.0/include-fixed]
  collapse include dir [/usr/include/x86_64-linux-gnu] ==> [/usr/include/x86_64-linux-gnu]
  collapse include dir [/usr/include] ==> [/usr/include]
  implicit include dirs: [/lab/home/labsticc/abdallah/gcc-install/include/c++/14.2.0;/lab/home/labsticc/abdallah/gcc-install/include/c++/14.2.0/x86_64-pc-linux-gnu;/lab/home/labsticc/abdallah/gcc-install/include/c++/14.2.0/backward;/lab/home/labsticc/abdallah/gcc-install/lib/gcc/x86_64-pc-linux-gnu/14.2.0/include;/usr/local/include;/lab/home/labsticc/abdallah/gcc-install/include;/lab/home/labsticc/abdallah/gcc-install/lib/gcc/x86_64-pc-linux-gnu/14.2.0/include-fixed;/usr/include/x86_64-linux-gnu;/usr/include]


Parsed CXX implicit link information from above output:
  link line regex: [^( *|.*[/\])(ld|CMAKE_LINK_STARTFILE-NOTFOUND|([^/\]+-)?ld|collect2)[^/\]*( |$)]
  ignore line: [Change Dir: /lab/home/labsticc/abdallah/Documents/SC_PolarDecFreqDomainFER_Sim/dav8/CMakeFiles/CMakeScratch/TryCompile-vjIoCn]
  ignore line: []
  ignore line: [Run Build Command(s):/usr/bin/gmake -f Makefile cmTC_86ebb/fast && /usr/bin/gmake  -f CMakeFiles/cmTC_86ebb.dir/build.make CMakeFiles/cmTC_86ebb.dir/build]
  ignore line: [gmake[1]: Entering directory '/lab/home/labsticc/abdallah/Documents/SC_PolarDecFreqDomainFER_Sim/dav8/CMakeFiles/CMakeScratch/TryCompile-vjIoCn']
  ignore line: [Building CXX object CMakeFiles/cmTC_86ebb.dir/CMakeCXXCompilerABI.cpp.o]
  ignore line: [/lab/home/labsticc/abdallah/gcc-install/bin/g++   -v -o CMakeFiles/cmTC_86ebb.dir/CMakeCXXCompilerABI.cpp.o -c /usr/share/cmake-3.25/Modules/CMakeCXXCompilerABI.cpp]
  ignore line: [Using built-in specs.]
  ignore line: [COLLECT_GCC=/lab/home/labsticc/abdallah/gcc-install/bin/g++]
  ignore line: [Target: x86_64-pc-linux-gnu]
  ignore line: [Configured with: ../gcc-14.2.0/configure --prefix=/lab/home/labsticc/abdallah/gcc-install --disable-multilib --enable-languages=c c++ --disable-nls --with-system-zlib]
  ignore line: [Thread model: posix]
  ignore line: [Supported LTO compression algorithms: zlib]
  ignore line: [gcc version 14.2.0 (GCC) ]
  ignore line: [COLLECT_GCC_OPTIONS='-v' '-o' 'CMakeFiles/cmTC_86ebb.dir/CMakeCXXCompilerABI.cpp.o' '-c' '-shared-libgcc' '-mtune=generic' '-march=x86-64' '-dumpdir' 'CMakeFiles/cmTC_86ebb.dir/']
  ignore line: [ /lab/home/labsticc/abdallah/gcc-install/libexec/gcc/x86_64-pc-linux-gnu/14.2.0/cc1plus -quiet -v -imultiarch x86_64-linux-gnu -D_GNU_SOURCE /usr/share/cmake-3.25/Modules/CMakeCXXCompilerABI.cpp -quiet -dumpdir CMakeFiles/cmTC_86ebb.dir/ -dumpbase CMakeCXXCompilerABI.cpp.cpp -dumpbase-ext .cpp -mtune=generic -march=x86-64 -version -o /tmp/ccQHN5A0.s]
  ignore line: [GNU C++17 (GCC) version 14.2.0 (x86_64-pc-linux-gnu)]
  ignore line: [	compiled by GNU C version 14.2.0  GMP version 6.2.1  MPFR version 4.1.0  MPC version 1.2.1  isl version isl-0.24-GMP]
  ignore line: []
  ignore line: [GGC heuristics: --param ggc-min-expand=100 --param ggc-min-heapsize=131072]
  ignore line: [ignoring nonexistent directory "/usr/local/include/x86_64-linux-gnu"]
  ignore line: [ignoring nonexistent directory "/lab/home/labsticc/abdallah/gcc-install/lib/gcc/x86_64-pc-linux-gnu/14.2.0/include-fixed/x86_64-linux-gnu"]
  ignore line: [ignoring nonexistent directory "/lab/home/labsticc/abdallah/gcc-install/lib/gcc/x86_64-pc-linux-gnu/14.2.0/../../../../x86_64-pc-linux-gnu/include"]
  ignore line: [#include "..." search starts here:]
  ignore line: [#include <...> search starts here:]
  ignore line: [ /lab/home/labsticc/abdallah/gcc-install/lib/gcc/x86_64-pc-linux-gnu/14.2.0/../../../../include/c++/14.2.0]
  ignore line: [ /lab/home/labsticc/abdallah/gcc-install/lib/gcc/x86_64-pc-linux-gnu/14.2.0/../../../../include/c++/14.2.0/x86_64-pc-linux-gnu]
  ignore line: [ /lab/home/labsticc/abdallah/gcc-install/lib/gcc/x86_64-pc-linux-gnu/14.2.0/../../../../include/c++/14.2.0/backward]
  ignore line: [ /lab/home/labsticc/abdallah/gcc-install/lib/gcc/x86_64-pc-linux-gnu/14.2.0/include]
  ignore line: [ /usr/local/include]
  ignore line: [ /lab/home/labsticc/abdallah/gcc-install/include]
  ignore line: [ /lab/home/labsticc/abdallah/gcc-install/lib/gcc/x86_64-pc-linux-gnu/14.2.0/include-fixed]
  ignore line: [ /usr/include/x86_64-linux-gnu]
  ignore line: [ /usr/include]
  ignore line: [End of search list.]
  ignore line: [Compiler executable checksum: 5d659a0dd597c6877d4c14caa4207daa]
  ignore line: [COLLECT_GCC_OPTIONS='-v' '-o' 'CMakeFiles/cmTC_86ebb.dir/CMakeCXXCompilerABI.cpp.o' '-c' '-shared-libgcc' '-mtune=generic' '-march=x86-64' '-dumpdir' 'CMakeFiles/cmTC_86ebb.dir/']
  ignore line: [ as -v --64 -o CMakeFiles/cmTC_86ebb.dir/CMakeCXXCompilerABI.cpp.o /tmp/ccQHN5A0.s]
  ignore line: [GNU assembler version 2.40 (x86_64-linux-gnu) using BFD version (GNU Binutils for Debian) 2.40]
  ignore line: [COMPILER_PATH=/lab/home/labsticc/abdallah/gcc-install/libexec/gcc/x86_64-pc-linux-gnu/14.2.0/:/lab/home/labsticc/abdallah/gcc-install/libexec/gcc/x86_64-pc-linux-gnu/14.2.0/:/lab/home/labsticc/abdallah/gcc-install/libexec/gcc/x86_64-pc-linux-gnu/:/lab/home/labsticc/abdallah/gcc-install/lib/gcc/x86_64-pc-linux-gnu/14.2.0/:/lab/home/labsticc/abdallah/gcc-install/lib/gcc/x86_64-pc-linux-gnu/]
  ignore line: [LIBRARY_PATH=/lab/home/labsticc/abdallah/gcc-install/lib/gcc/x86_64-pc-linux-gnu/14.2.0/:/lab/home/labsticc/abdallah/gcc-install/lib/gcc/x86_64-pc-linux-gnu/14.2.0/../../../../lib64/:/lib/x86_64-linux-gnu/:/lib/../lib64/:/usr/lib/x86_64-linux-gnu/:/usr/lib/../lib64/:/lab/home/labsticc/abdallah/gcc-install/lib/gcc/x86_64-pc-linux-gnu/14.2.0/../../../:/lib/:/usr/lib/]
  ignore line: [COLLECT_GCC_OPTIONS='-v' '-o' 'CMakeFiles/cmTC_86ebb.dir/CMakeCXXCompilerABI.cpp.o' '-c' '-shared-libgcc' '-mtune=generic' '-march=x86-64' '-dumpdir' 'CMakeFiles/cmTC_86ebb.dir/CMakeCXXCompilerABI.cpp.']
  ignore line: [Linking CXX executable cmTC_86ebb]
  ignore line: [/usr/bin/cmake -E cmake_link_script CMakeFiles/cmTC_86ebb.dir/link.txt --verbose=1]
  ignore line: [/lab/home/labsticc/abdallah/gcc-install/bin/g++  -v CMakeFiles/cmTC_86ebb.dir/CMakeCXXCompilerABI.cpp.o -o cmTC_86ebb ]
  ignore line: [Using built-in specs.]
  ignore line: [COLLECT_GCC=/lab/home/labsticc/abdallah/gcc-install/bin/g++]
  ignore line: [COLLECT_LTO_WRAPPER=/lab/home/labsticc/abdallah/gcc-install/libexec/gcc/x86_64-pc-linux-gnu/14.2.0/lto-wrapper]
  ignore line: [Target: x86_64-pc-linux-gnu]
  ignore line: [Configured with: ../gcc-14.2.0/configure --prefix=/lab/home/labsticc/abdallah/gcc-install --disable-multilib --enable-languages=c c++ --disable-nls --with-system-zlib]
  ignore line: [Thread model: posix]
  ignore line: [Supported LTO compression algorithms: zlib]
  ignore line: [gcc version 14.2.0 (GCC) ]
  ignore line: [COMPILER_PATH=/lab/home/labsticc/abdallah/gcc-install/libexec/gcc/x86_64-pc-linux-gnu/14.2.0/:/lab/home/labsticc/abdallah/gcc-install/libexec/gcc/x86_64-pc-linux-gnu/14.2.0/:/lab/home/labsticc/abdallah/gcc-install/libexec/gcc/x86_64-pc-linux-gnu/:/lab/home/labsticc/abdallah/gcc-install/lib/gcc/x86_64-pc-linux-gnu/14.2.0/:/lab/home/labsticc/abdallah/gcc-install/lib/gcc/x86_64-pc-linux-gnu/]
  ignore line: [LIBRARY_PATH=/lab/home/labsticc/abdallah/gcc-install/lib/gcc/x86_64-pc-linux-gnu/14.2.0/:/lab/home/labsticc/abdallah/gcc-install/lib/gcc/x86_64-pc-linux-gnu/14.2.0/../../../../lib64/:/lib/x86_64-linux-gnu/:/lib/../lib64/:/usr/lib/x86_64-linux-gnu/:/usr/lib/../lib64/:/lab/home/labsticc/abdallah/gcc-install/lib/gcc/x86_64-pc-linux-gnu/14.2.0/../../../:/lib/:/usr/lib/]
  ignore line: [COLLECT_GCC_OPTIONS='-v' '-o' 'cmTC_86ebb' '-shared-libgcc' '-mtune=generic' '-march=x86-64' '-dumpdir' 'cmTC_86ebb.']
  link line: [ /lab/home/labsticc/abdallah/gcc-install/libexec/gcc/x86_64-pc-linux-gnu/14.2.0/collect2 -plugin /lab/home/labsticc/abdallah/gcc-install/libexec/gcc/x86_64-pc-linux-gnu/14.2.0/liblto_plugin.so -plugin-opt=/lab/home/labsticc/abdallah/gcc-install/libexec/gcc/x86_64-pc-linux-gnu/14.2.0/lto-wrapper -plugin-opt=-fresolution=/tmp/ccUmHdLC.res -plugin-opt=-pass-through=-lgcc_s -plugin-opt=-pass-through=-lgcc -plugin-opt=-pass-through=-lc -plugin-opt=-pass-through=-lgcc_s -plugin-opt=-pass-through=-lgcc --eh-frame-hdr -m elf_x86_64 -dynamic-linker /lib64/ld-linux-x86-64.so.2 -o cmTC_86ebb /lib/x86_64-linux-gnu/crt1.o /lib/x86_64-linux-gnu/crti.o /lab/home/labsticc/abdallah/gcc-install/lib/gcc/x86_64-pc-linux-gnu/14.2.0/crtbegin.o -L/lab/home/labsticc/abdallah/gcc-install/lib/gcc/x86_64-pc-linux-gnu/14.2.0 -L/lab/home/labsticc/abdallah/gcc-install/lib/gcc/x86_64-pc-linux-gnu/14.2.0/../../../../lib64 -L/lib/x86_64-linux-gnu -L/lib/../lib64 -L/usr/lib/x86_64-linux-gnu -L/usr/lib/../lib64 -L/lab/home/labsticc/abdallah/gcc-install/lib/gcc/x86_64-pc-linux-gnu/14.2.0/../../.. CMakeFiles/cmTC_86ebb.dir/CMakeCXXCompilerABI.cpp.o -lstdc++ -lm -lgcc_s -lgcc -lc -lgcc_s -lgcc /lab/home/labsticc/abdallah/gcc-install/lib/gcc/x86_64-pc-linux-gnu/14.2.0/crtend.o /lib/x86_64-linux-gnu/crtn.o]
    arg [/lab/home/labsticc/abdallah/gcc-install/libexec/gcc/x86_64-pc-linux-gnu/14.2.0/collect2] ==> ignore
    arg [-plugin] ==> ignore
    arg [/lab/home/labsticc/abdallah/gcc-install/libexec/gcc/x86_64-pc-linux-gnu/14.2.0/liblto_plugin.so] ==> ignore
    arg [-plugin-opt=/lab/home/labsticc/abdallah/gcc-install/libexec/gcc/x86_64-pc-linux-gnu/14.2.0/lto-wrapper] ==> ignore
    arg [-plugin-opt=-fresolution=/tmp/ccUmHdLC.res] ==> ignore
    arg [-plugin-opt=-pass-through=-lgcc_s] ==> ignore
    arg [-plugin-opt=-pass-through=-lgcc] ==> ignore
    arg [-plugin-opt=-pass-through=-lc] ==> ignore
    arg [-plugin-opt=-pass-through=-lgcc_s] ==> ignore
    arg [-plugin-opt=-pass-through=-lgcc] ==> ignore
    arg [--eh-frame-hdr] ==> ignore
    arg [-m] ==> ignore
    arg [elf_x86_64] ==> ignore
    arg [-dynamic-linker] ==> ignore
    arg [/lib64/ld-linux-x86-64.so.2] ==> ignore
    arg [-o] ==> ignore
    arg [cmTC_86ebb] ==> ignore
    arg [/lib/x86_64-linux-gnu/crt1.o] ==> obj [/lib/x86_64-linux-gnu/crt1.o]
    arg [/lib/x86_64-linux-gnu/crti.o] ==> obj [/lib/x86_64-linux-gnu/crti.o]
    arg [/lab/home/labsticc/abdallah/gcc-install/lib/gcc/x86_64-pc-linux-gnu/14.2.0/crtbegin.o] ==> obj [/lab/home/labsticc/abdallah/gcc-install/lib/gcc/x86_64-pc-linux-gnu/14.2.0/crtbegin.o]
    arg [-L/lab/home/labsticc/abdallah/gcc-install/lib/gcc/x86_64-pc-linux-gnu/14.2.0] ==> dir [/lab/home/labsticc/abdallah/gcc-install/lib/gcc/x86_64-pc-linux-gnu/14.2.0]
    arg [-L/lab/home/labsticc/abdallah/gcc-install/lib/gcc/x86_64-pc-linux-gnu/14.2.0/../../../../lib64] ==> dir [/lab/home/labsticc/abdallah/gcc-install/lib/gcc/x86_64-pc-linux-gnu/14.2.0/../../../../lib64]
    arg [-L/lib/x86_64-linux-gnu] ==> dir [/lib/x86_64-linux-gnu]
    arg [-L/lib/../lib64] ==> dir [/lib/../lib64]
    arg [-L/usr/lib/x86_64-linux-gnu] ==> dir [/usr/lib/x86_64-linux-gnu]
    arg [-L/usr/lib/../lib64] ==> dir [/usr/lib/../lib64]
    arg [-L/lab/home/labsticc/abdallah/gcc-install/lib/gcc/x86_64-pc-linux-gnu/14.2.0/../../..] ==> dir [/lab/home/labsticc/abdallah/gcc-install/lib/gcc/x86_64-pc-linux-gnu/14.2.0/../../..]
    arg [CMakeFiles/cmTC_86ebb.dir/CMakeCXXCompilerABI.cpp.o] ==> ignore
    arg [-lstdc++] ==> lib [stdc++]
    arg [-lm] ==> lib [m]
    arg [-lgcc_s] ==> lib [gcc_s]
    arg [-lgcc] ==> lib [gcc]
    arg [-lc] ==> lib [c]
    arg [-lgcc_s] ==> lib [gcc_s]
    arg [-lgcc] ==> lib [gcc]
    arg [/lab/home/labsticc/abdallah/gcc-install/lib/gcc/x86_64-pc-linux-gnu/14.2.0/crtend.o] ==> obj [/lab/home/labsticc/abdallah/gcc-install/lib/gcc/x86_64-pc-linux-gnu/14.2.0/crtend.o]
    arg [/lib/x86_64-linux-gnu/crtn.o] ==> obj [/lib/x86_64-linux-gnu/crtn.o]
  collapse library dir [/lab/home/labsticc/abdallah/gcc-install/lib/gcc/x86_64-pc-linux-gnu/14.2.0] ==> [/lab/home/labsticc/abdallah/gcc-install/lib/gcc/x86_64-pc-linux-gnu/14.2.0]
  collapse library dir [/lab/home/labsticc/abdallah/gcc-install/lib/gcc/x86_64-pc-linux-gnu/14.2.0/../../../../lib64] ==> [/lab/home/labsticc/abdallah/gcc-install/lib64]
  collapse library dir [/lib/x86_64-linux-gnu] ==> [/lib/x86_64-linux-gnu]
  collapse library dir [/lib/../lib64] ==> [/lib64]
  collapse library dir [/usr/lib/x86_64-linux-gnu] ==> [/usr/lib/x86_64-linux-gnu]
  collapse library dir [/usr/lib/../lib64] ==> [/usr/lib64]
  collapse library dir [/lab/home/labsticc/abdallah/gcc-install/lib/gcc/x86_64-pc-linux-gnu/14.2.0/../../..] ==> [/lab/home/labsticc/abdallah/gcc-install/lib]
  implicit libs: [stdc++;m;gcc_s;gcc;c;gcc_s;gcc]
  implicit objs: [/lib/x86_64-linux-gnu/crt1.o;/lib/x86_64-linux-gnu/crti.o;/lab/home/labsticc/abdallah/gcc-install/lib/gcc/x86_64-pc-linux-gnu/14.2.0/crtbegin.o;/lab/home/labsticc/abdallah/gcc-install/lib/gcc/x86_64-pc-linux-gnu/14.2.0/crtend.o;/lib/x86_64-linux-gnu/crtn.o]
  implicit dirs: [/lab/home/labsticc/abdallah/gcc-install/lib/gcc/x86_64-pc-linux-gnu/14.2.0;/lab/home/labsticc/abdallah/gcc-install/lib64;/lib/x86_64-linux-gnu;/lib64;/usr/lib/x86_64-linux-gnu;/usr/lib64;/lab/home/labsticc/abdallah/gcc-install/lib]
  implicit fwks: []


Performing C++ SOURCE FILE Test CMAKE_HAVE_LIBC_PTHREAD succeeded with the following output:
Change Dir: /lab/home/labsticc/abdallah/Documents/SC_PolarDecFreqDomainFER_Sim/dav8/CMakeFiles/CMakeScratch/TryCompile-70R4ni

Run Build Command(s):/usr/bin/gmake -f Makefile cmTC_90987/fast && /usr/bin/gmake  -f CMakeFiles/cmTC_90987.dir/build.make CMakeFiles/cmTC_90987.dir/build
gmake[1] : on entre dans le répertoire « /lab/home/labsticc/abdallah/Documents/SC_PolarDecFreqDomainFER_Sim/dav8/CMakeFiles/CMakeScratch/TryCompile-70R4ni »
Building CXX object CMakeFiles/cmTC_90987.dir/src.cxx.o
/lab/home/labsticc/abdallah/gcc-install/bin/g++ -DCMAKE_HAVE_LIBC_PTHREAD  -w -O3 -march=haswell -mavx2 -flto -ffast-math -funroll-loops -fno-math-errno -w -w  -std=gnu++17 -o CMakeFiles/cmTC_90987.dir/src.cxx.o -c /lab/home/labsticc/abdallah/Documents/SC_PolarDecFreqDomainFER_Sim/dav8/CMakeFiles/CMakeScratch/TryCompile-70R4ni/src.cxx
Linking CXX executable cmTC_90987
/usr/bin/cmake -E cmake_link_script CMakeFiles/cmTC_90987.dir/link.txt --verbose=1
/lab/home/labsticc/abdallah/gcc-install/bin/g++  -w -O3 -march=haswell -mavx2 -flto -ffast-math -funroll-loops -fno-math-errno -w -w  CMakeFiles/cmTC_90987.dir/src.cxx.o -o cmTC_90987 
gmake[1] : on quitte le répertoire « /lab/home/labsticc/abdallah/Documents/SC_PolarDecFreqDomainFER_Sim/dav8/CMakeFiles/CMakeScratch/TryCompile-70R4ni »


Source file was:
#include <pthread.h>

static void* test_func(void* data)
{
  return data;
}

int main(void)
{
  pthread_t thread;
  pthread_create(&thread, NULL, test_func, NULL);
  pthread_detach(thread);
  pthread_cancel(thread);
  pthread_join(thread, NULL);
  pthread_atfork(NULL, NULL, NULL);
  pthread_exit(NULL);

  return 0;
}


Detecting CXX OpenMP compiler ABI info compiled with the following output:
Change Dir: /lab/home/labsticc/abdallah/Documents/SC_PolarDecFreqDomainFER_Sim/dav8/CMakeFiles/CMakeScratch/TryCompile-6sseOc

Run Build Command(s):/usr/bin/gmake -f Makefile cmTC_e8f5c/fast && /usr/bin/gmake  -f CMakeFiles/cmTC_e8f5c.dir/build.make CMakeFiles/cmTC_e8f5c.dir/build
gmake[1] : on entre dans le répertoire « /lab/home/labsticc/abdallah/Documents/SC_PolarDecFreqDomainFER_Sim/dav8/CMakeFiles/CMakeScratch/TryCompile-6sseOc »
Building CXX object CMakeFiles/cmTC_e8f5c.dir/OpenMPTryFlag.cpp.o
/lab/home/labsticc/abdallah/gcc-install/bin/g++   -w -O3 -march=haswell -mavx2 -flto -ffast-math -funroll-loops -fno-math-errno -w -w -fopenmp -v -std=gnu++17 -o CMakeFiles/cmTC_e8f5c.dir/OpenMPTryFlag.cpp.o -c /lab/home/labsticc/abdallah/Documents/SC_PolarDecFreqDomainFER_Sim/dav8/CMakeFiles/CMakeScratch/TryCompile-6sseOc/OpenMPTryFlag.cpp
Using built-in specs.
COLLECT_GCC=/lab/home/labsticc/abdallah/gcc-install/bin/g++
Target: x86_64-pc-linux-gnu
Configured with: ../gcc-14.2.0/configure --prefix=/lab/home/labsticc/abdallah/gcc-install --disable-multilib --enable-languages=c,c++ --disable-nls --with-system-zlib
Thread model: posix
Supported LTO compression algorithms: zlib
gcc version 14.2.0 (GCC) 
COLLECT_GCC_OPTIONS='-w' '-O3' '-march=haswell' '-mavx2' '-flto' '-ffast-math' '-funroll-loops' '-fno-math-errno' '-w' '-w' '-fopenmp' '-v' '-std=gnu++17' '-o' 'CMakeFiles/cmTC_e8f5c.dir/OpenMPTryFlag.cpp.o' '-c' '-shared-libgcc' '-pthread' '-dumpdir' 'CMakeFiles/cmTC_e8f5c.dir/'
 /lab/home/labsticc/abdallah/gcc-install/libexec/gcc/x86_64-pc-linux-gnu/14.2.0/cc1plus -quiet -v -imultiarch x86_64-linux-gnu -D_GNU_SOURCE -D_REENTRANT /lab/home/labsticc/abdallah/Documents/SC_PolarDecFreqDomainFER_Sim/dav8/CMakeFiles/CMakeScratch/TryCompile-6sseOc/OpenMPTryFlag.cpp -quiet -dumpdir CMakeFiles/cmTC_e8f5c.dir/ -dumpbase OpenMPTryFlag.cpp.cpp -dumpbase-ext .cpp -march=haswell -mavx2 -O3 -w -w -w -std=gnu++17 -version -flto -ffast-math -funroll-loops -fno-math-errno -fopenmp -o /tmp/ccCl4yuP.s
GNU C++17 (GCC) version 14.2.0 (x86_64-pc-linux-gnu)
	compiled by GNU C version 14.2.0, GMP version 6.2.1, MPFR version 4.1.0, MPC version 1.2.1, isl version isl-0.24-GMP

GGC heuristics: --param ggc-min-expand=100 --param ggc-min-heapsize=131072
ignoring nonexistent directory "/usr/local/include/x86_64-linux-gnu"
ignoring nonexistent directory "/lab/home/labsticc/abdallah/gcc-install/lib/gcc/x86_64-pc-linux-gnu/14.2.0/include-fixed/x86_64-linux-gnu"
ignoring nonexistent directory "/lab/home/labsticc/abdallah/gcc-install/lib/gcc/x86_64-pc-linux-gnu/14.2.0/../../../../x86_64-pc-linux-gnu/include"
#include "..." search starts here:
#include <...> search starts here:
 /lab/home/labsticc/abdallah/gcc-install/lib/gcc/x86_64-pc-linux-gnu/14.2.0/../../../../include/c++/14.2.0
 /lab/home/labsticc/abdallah/gcc-install/lib/gcc/x86_64-pc-linux-gnu/14.2.0/../../../../include/c++/14.2.0/x86_64-pc-linux-gnu
 /lab/home/labsticc/abdallah/gcc-install/lib/gcc/x86_64-pc-linux-gnu/14.2.0/../../../../include/c++/14.2.0/backward
 /lab/home/labsticc/abdallah/gcc-install/lib/gcc/x86_64-pc-linux-gnu/14.2.0/include
 /usr/local/include
 /lab/home/labsticc/abdallah/gcc-install/include
 /lab/home/labsticc/abdallah/gcc-install/lib/gcc/x86_64-pc-linux-gnu/14.2.0/include-fixed
 /usr/include/x86_64-linux-gnu
 /usr/include
End of search list.
Compiler executable checksum: 5d659a0dd597c6877d4c14caa4207daa
COLLECT_GCC_OPTIONS='-w' '-O3' '-march=haswell' '-mavx2' '-flto' '-ffast-math' '-funroll-loops' '-fno-math-errno' '-w' '-w' '-fopenmp' '-v' '-std=gnu++17' '-o' 'CMakeFiles/cmTC_e8f5c.dir/OpenMPTryFlag.cpp.o' '-c' '-shared-libgcc' '-pthread' '-dumpdir' 'CMakeFiles/cmTC_e8f5c.dir/'
 as -v -W --64 -o CMakeFiles/cmTC_e8f5c.dir/OpenMPTryFlag.cpp.o /tmp/ccCl4yuP.s
Version de l'assembleur GNU 2.40 (x86_64-linux-gnu) utilisant la version BFD (GNU Binutils for Debian) 2.40
COMPILER_PATH=/lab/home/labsticc/abdallah/gcc-install/libexec/gcc/x86_64-pc-linux-gnu/14.2.0/:/lab/home/labsticc/abdallah/gcc-install/libexec/gcc/x86_64-pc-linux-gnu/14.2.0/:/lab/home/labsticc/abdallah/gcc-install/libexec/gcc/x86_64-pc-linux-gnu/:/lab/home/labsticc/abdallah/gcc-install/lib/gcc/x86_64-pc-linux-gnu/14.2.0/:/lab/home/labsticc/abdallah/gcc-install/lib/gcc/x86_64-pc-linux-gnu/
LIBRARY_PATH=/lab/home/labsticc/abdallah/gcc-install/lib/gcc/x86_64-pc-linux-gnu/14.2.0/:/lab/home/labsticc/abdallah/gcc-install/lib/gcc/x86_64-pc-linux-gnu/14.2.0/../../../../lib64/:/lib/x86_64-linux-gnu/:/lib/../lib64/:/usr/lib/x86_64-linux-gnu/:/usr/lib/../lib64/:/lab/home/labsticc/abdallah/gcc-install/lib/gcc/x86_64-pc-linux-gnu/14.2.0/../../../:/lib/:/usr/lib/
COLLECT_GCC_OPTIONS='-w' '-O3' '-march=haswell' '-mavx2' '-flto' '-ffast-math' '-funroll-loops' '-fno-math-errno' '-w' '-w' '-fopenmp' '-v' '-std=gnu++17' '-o' 'CMakeFiles/cmTC_e8f5c.dir/OpenMPTryFlag.cpp.o' '-c' '-shared-libgcc' '-pthread' '-dumpdir' 'CMakeFiles/cmTC_e8f5c.dir/OpenMPTryFlag.cpp.'
Linking CXX executable cmTC_e8f5c
/usr/bin/cmake -E cmake_link_script CMakeFiles/cmTC_e8f5c.dir/link.txt --verbose=1
/lab/home/labsticc/abdallah/gcc-install/bin/g++  -w -O3 -march=haswell -mavx2 -flto -ffast-math -funroll-loops -fno-math-errno -w -w -fopenmp -v CMakeFiles/cmTC_e8f5c.dir/OpenMPTryFlag.cpp.o -o cmTC_e8f5c  -v 
Using built-in specs.
COLLECT_GCC=/lab/home/labsticc/abdallah/gcc-install/bin/g++
COLLECT_LTO_WRAPPER=/lab/home/labsticc/abdallah/gcc-install/libexec/gcc/x86_64-pc-linux-gnu/14.2.0/lto-wrapper
Target: x86_64-pc-linux-gnu
Configured with: ../gcc-14.2.0/configure --prefix=/lab/home/labsticc/abdallah/gcc-install --disable-multilib --enable-languages=c,c++ --disable-nls --with-system-zlib
Thread model: posix
Supported LTO compression algorithms: zlib
gcc version 14.2.0 (GCC) 
COMPILER_PATH=/lab/home/labsticc/abdallah/gcc-install/libexec/gcc/x86_64-pc-linux-gnu/14.2.0/:/lab/home/labsticc/abdallah/gcc-install/libexec/gcc/x86_64-pc-linux-gnu/14.2.0/:/lab/home/labsticc/abdallah/gcc-install/libexec/gcc/x86_64-pc-linux-gnu/:/lab/home/labsticc/abdallah/gcc-install/lib/gcc/x86_64-pc-linux-gnu/14.2.0/:/lab/home/labsticc/abdallah/gcc-install/lib/gcc/x86_64-pc-linux-gnu/
LIBRARY_PATH=/lab/home/labsticc/abdallah/gcc-install/lib/gcc/x86_64-pc-linux-gnu/14.2.0/:/lab/home/labsticc/abdallah/gcc-install/lib/gcc/x86_64-pc-linux-gnu/14.2.0/../../../../lib64/:/lib/x86_64-linux-gnu/:/lib/../lib64/:/usr/lib/x86_64-linux-gnu/:/usr/lib/../lib64/:/lab/home/labsticc/abdallah/gcc-install/lib/gcc/x86_64-pc-linux-gnu/14.2.0/../../../:/lib/:/usr/lib/
Reading specs from /lab/home/labsticc/abdallah/gcc-install/lib/gcc/x86_64-pc-linux-gnu/14.2.0/../../../../lib64/libgomp.spec
COLLECT_GCC_OPTIONS='-w' '-O3' '-march=haswell' '-mavx2' '-flto' '-ffast-math' '-funroll-loops' '-fno-math-errno' '-w' '-w' '-fopenmp' '-v' '-o' 'cmTC_e8f5c' '-v' '-shared-libgcc' '-pthread' '-dumpdir' 'cmTC_e8f5c.'
 /lab/home/labsticc/abdallah/gcc-install/libexec/gcc/x86_64-pc-linux-gnu/14.2.0/collect2 -plugin /lab/home/labsticc/abdallah/gcc-install/libexec/gcc/x86_64-pc-linux-gnu/14.2.0/liblto_plugin.so -plugin-opt=/lab/home/labsticc/abdallah/gcc-install/libexec/gcc/x86_64-pc-linux-gnu/14.2.0/lto-wrapper -plugin-opt=-fresolution=/tmp/ccLzs8XQ.res -plugin-opt=-pass-through=-lgcc_s -plugin-opt=-pass-through=-lgcc -plugin-opt=-pass-through=-lpthread -plugin-opt=-pass-through=-lc -plugin-opt=-pass-through=-lgcc_s -plugin-opt=-pass-through=-lgcc -flto --eh-frame-hdr -m elf_x86_64 -dynamic-linker /lib64/ld-linux-x86-64.so.2 -o cmTC_e8f5c /lib/x86_64-linux-gnu/crt1.o /lib/x86_64-linux-gnu/crti.o /lab/home/labsticc/abdallah/gcc-install/lib/gcc/x86_64-pc-linux-gnu/14.2.0/crtbegin.o -L/lab/home/labsticc/abdallah/gcc-install/lib/gcc/x86_64-pc-linux-gnu/14.2.0 -L/lab/home/labsticc/abdallah/gcc-install/lib/gcc/x86_64-pc-linux-gnu/14.2.0/../../../../lib64 -L/lib/x86_64-linux-gnu -L/lib/../lib64 -L/usr/lib/x86_64-linux-gnu -L/usr/lib/../lib64 -L/lab/home/labsticc/abdallah/gcc-install/lib/gcc/x86_64-pc-linux-gnu/14.2.0/../../.. CMakeFiles/cmTC_e8f5c.dir/OpenMPTryFlag.cpp.o -lstdc++ -lm -lgomp -lgcc_s -lgcc -lpthread -lc -lgcc_s -lgcc /lab/home/labsticc/abdallah/gcc-install/lib/gcc/x86_64-pc-linux-gnu/14.2.0/crtfastmath.o /lab/home/labsticc/abdallah/gcc-install/lib/gcc/x86_64-pc-linux-gnu/14.2.0/crtend.o /lib/x86_64-linux-gnu/crtn.o
/lab/home/labsticc/abdallah/gcc-install/libexec/gcc/x86_64-pc-linux-gnu/14.2.0/lto-wrapper -fresolution=/tmp/ccLzs8XQ.res -flinker-output=exec CMakeFiles/cmTC_e8f5c.dir/OpenMPTryFlag.cpp.o 
/lab/home/labsticc/abdallah/gcc-install/libexec/gcc/x86_64-pc-linux-gnu/14.2.0/lto-wrapper -fresolution=/tmp/ccLzs8XQ.res -flinker-output=exec CMakeFiles/cmTC_e8f5c.dir/OpenMPTryFlag.cpp.o 
/lab/home/labsticc/abdallah/gcc-install/bin/g++ @/tmp/cc7ggFUq
Using built-in specs.
COLLECT_GCC=/lab/home/labsticc/abdallah/gcc-install/bin/g++
Target: x86_64-pc-linux-gnu
Configured with: ../gcc-14.2.0/configure --prefix=/lab/home/labsticc/abdallah/gcc-install --disable-multilib --enable-languages=c,c++ --disable-nls --with-system-zlib
Thread model: posix
Supported LTO compression algorithms: zlib
gcc version 14.2.0 (GCC) 
COLLECT_GCC_OPTIONS='-c' '-fno-openacc' '-fno-pie' '-fcf-protection=none' '-O3' '-w' '-O3' '-march=haswell' '-mavx2' '-ffast-math' '-funroll-loops' '-fno-math-errno' '-w' '-w' '-fopenmp' '-v' '-v' '-shared-libgcc' '-pthread'   '-fltrans-output-list=/tmp/ccRhPdCW.ltrans.out' '-fwpa' '-fresolution=/tmp/ccLzs8XQ.res' '-flinker-output=exec' '-shared-libgcc' '-pthread'
 /lab/home/labsticc/abdallah/gcc-install/libexec/gcc/x86_64-pc-linux-gnu/14.2.0/lto1 -quiet -dumpbase ./cmTC_e8f5c.wpa -march=haswell -mavx2 -O3 -O3 -w -w -w -version -fno-openacc -fno-pie -fcf-protection=none -ffast-math -funroll-loops -fno-math-errno -fopenmp -fltrans-output-list=/tmp/ccRhPdCW.ltrans.out -fwpa -fresolution=/tmp/ccLzs8XQ.res -flinker-output=exec @/tmp/ccngVWp4
GNU GIMPLE (GCC) version 14.2.0 (x86_64-pc-linux-gnu)
	compiled by GNU C version 14.2.0, GMP version 6.2.1, MPFR version 4.1.0, MPC version 1.2.1, isl version isl-0.24-GMP

GGC heuristics: --param ggc-min-expand=100 --param ggc-min-heapsize=131072
COMPILER_PATH=/lab/home/labsticc/abdallah/gcc-install/libexec/gcc/x86_64-pc-linux-gnu/14.2.0/:/lab/home/labsticc/abdallah/gcc-install/libexec/gcc/x86_64-pc-linux-gnu/14.2.0/:/lab/home/labsticc/abdallah/gcc-install/libexec/gcc/x86_64-pc-linux-gnu/:/lab/home/labsticc/abdallah/gcc-install/lib/gcc/x86_64-pc-linux-gnu/14.2.0/:/lab/home/labsticc/abdallah/gcc-install/lib/gcc/x86_64-pc-linux-gnu/:/lab/home/labsticc/abdallah/gcc-install/libexec/gcc/x86_64-pc-linux-gnu/14.2.0/:/lab/home/labsticc/abdallah/gcc-install/libexec/gcc/x86_64-pc-linux-gnu/14.2.0/:/lab/home/labsticc/abdallah/gcc-install/libexec/gcc/x86_64-pc-linux-gnu/:/lab/home/labsticc/abdallah/gcc-install/lib/gcc/x86_64-pc-linux-gnu/14.2.0/:/lab/home/labsticc/abdallah/gcc-install/lib/gcc/x86_64-pc-linux-gnu/
LIBRARY_PATH=/lab/home/labsticc/abdallah/gcc-install/lib/gcc/x86_64-pc-linux-gnu/14.2.0/../../../../lib64/../lib64/:/lib/../lib64/../lib64/:/usr/lib/../lib64/../lib64/:/lab/home/labsticc/abdallah/gcc-install/lib/gcc/x86_64-pc-linux-gnu/14.2.0/../../../../lib64/:/lib/x86_64-linux-gnu/:/lib/../lib64/:/usr/lib/x86_64-linux-gnu/:/usr/lib/../lib64/:/lab/home/labsticc/abdallah/gcc-install/lib/gcc/x86_64-pc-linux-gnu/14.2.0/:/lab/home/labsticc/abdallah/gcc-install/lib/gcc/x86_64-pc-linux-gnu/14.2.0/../../../../lib64/:/lib/x86_64-linux-gnu/:/lib/../lib64/:/usr/lib/x86_64-linux-gnu/:/usr/lib/../lib64/:/lab/home/labsticc/abdallah/gcc-install/lib/gcc/x86_64-pc-linux-gnu/14.2.0/:/lab/home/labsticc/abdallah/gcc-install/lib/gcc/x86_64-pc-linux-gnu/14.2.0/../../../../lib64/:/lib/x86_64-linux-gnu/:/lib/../lib64/:/usr/lib/x86_64-linux-gnu/:/usr/lib/../lib64/:/lab/home/labsticc/abdallah/gcc-install/lib/gcc/x86_64-pc-linux-gnu/14.2.0/../../../:/lib/:/usr/lib/:/lab/home/labsticc/abdallah/gcc-install/lib/gcc/x86_64-pc-linux-gnu/14.2.0/../../../:/lib/:/usr/lib/
COLLECT_GCC_OPTIONS='-c' '-fno-openacc' '-fno-pie' '-fcf-protection=none' '-O3' '-w' '-O3' '-march=haswell' '-mavx2' '-ffast-math' '-funroll-loops' '-fno-math-errno' '-w' '-w' '-fopenmp' '-v' '-v' '-shared-libgcc' '-pthread'   '-fltrans-output-list=/tmp/ccRhPdCW.ltrans.out' '-fwpa' '-fresolution=/tmp/ccLzs8XQ.res' '-flinker-output=exec' '-shared-libgcc' '-pthread' '-dumpdir' './cmTC_e8f5c.wpa.'
/lab/home/labsticc/abdallah/gcc-install/bin/g++ @/tmp/ccPjjOiG
Using built-in specs.
COLLECT_GCC=/lab/home/labsticc/abdallah/gcc-install/bin/g++
Target: x86_64-pc-linux-gnu
Configured with: ../gcc-14.2.0/configure --prefix=/lab/home/labsticc/abdallah/gcc-install --disable-multilib --enable-languages=c,c++ --disable-nls --with-system-zlib
Thread model: posix
Supported LTO compression algorithms: zlib
gcc version 14.2.0 (GCC) 
COLLECT_GCC_OPTIONS='-c' '-fno-openacc' '-fno-pie' '-fcf-protection=none' '-O3' '-w' '-O3' '-march=haswell' '-mavx2' '-ffast-math' '-funroll-loops' '-fno-math-errno' '-w' '-w' '-fopenmp' '-v' '-v' '-shared-libgcc' '-pthread'   '-fltrans' '-o' '/tmp/ccRhPdCW.ltrans0.ltrans.o' '-shared-libgcc' '-pthread'
 /lab/home/labsticc/abdallah/gcc-install/libexec/gcc/x86_64-pc-linux-gnu/14.2.0/lto1 -quiet -dumpbase ./cmTC_e8f5c.ltrans0.ltrans -march=haswell -mavx2 -O3 -O3 -w -w -w -version -fno-openacc -fno-pie -fcf-protection=none -ffast-math -funroll-loops -fno-math-errno -fopenmp -fltrans @/tmp/ccoRPSft -o /tmp/ccoJLyDB.s
GNU GIMPLE (GCC) version 14.2.0 (x86_64-pc-linux-gnu)
	compiled by GNU C version 14.2.0, GMP version 6.2.1, MPFR version 4.1.0, MPC version 1.2.1, isl version isl-0.24-GMP

GGC heuristics: --param ggc-min-expand=100 --param ggc-min-heapsize=131072
COLLECT_GCC_OPTIONS='-c' '-fno-openacc' '-fno-pie' '-fcf-protection=none' '-O3' '-w' '-O3' '-march=haswell' '-mavx2' '-ffast-math' '-funroll-loops' '-fno-math-errno' '-w' '-w' '-fopenmp' '-v' '-v' '-shared-libgcc' '-pthread'   '-fltrans' '-o' '/tmp/ccRhPdCW.ltrans0.ltrans.o' '-shared-libgcc' '-pthread'
 as -v -v -W --64 -o /tmp/ccRhPdCW.ltrans0.ltrans.o /tmp/ccoJLyDB.s
Version de l'assembleur GNU 2.40 (x86_64-linux-gnu) utilisant la version BFD (GNU Binutils for Debian) 2.40
COMPILER_PATH=/lab/home/labsticc/abdallah/gcc-install/libexec/gcc/x86_64-pc-linux-gnu/14.2.0/:/lab/home/labsticc/abdallah/gcc-install/libexec/gcc/x86_64-pc-linux-gnu/14.2.0/:/lab/home/labsticc/abdallah/gcc-install/libexec/gcc/x86_64-pc-linux-gnu/:/lab/home/labsticc/abdallah/gcc-install/lib/gcc/x86_64-pc-linux-gnu/14.2.0/:/lab/home/labsticc/abdallah/gcc-install/lib/gcc/x86_64-pc-linux-gnu/:/lab/home/labsticc/abdallah/gcc-install/libexec/gcc/x86_64-pc-linux-gnu/14.2.0/:/lab/home/labsticc/abdallah/gcc-install/libexec/gcc/x86_64-pc-linux-gnu/14.2.0/:/lab/home/labsticc/abdallah/gcc-install/libexec/gcc/x86_64-pc-linux-gnu/:/lab/home/labsticc/abdallah/gcc-install/lib/gcc/x86_64-pc-linux-gnu/14.2.0/:/lab/home/labsticc/abdallah/gcc-install/lib/gcc/x86_64-pc-linux-gnu/
LIBRARY_PATH=/lab/home/labsticc/abdallah/gcc-install/lib/gcc/x86_64-pc-linux-gnu/14.2.0/../../../../lib64/../lib64/:/lib/../lib64/../lib64/:/usr/lib/../lib64/../lib64/:/lab/home/labsticc/abdallah/gcc-install/lib/gcc/x86_64-pc-linux-gnu/14.2.0/../../../../lib64/:/lib/x86_64-linux-gnu/:/lib/../lib64/:/usr/lib/x86_64-linux-gnu/:/usr/lib/../lib64/:/lab/home/labsticc/abdallah/gcc-install/lib/gcc/x86_64-pc-linux-gnu/14.2.0/:/lab/home/labsticc/abdallah/gcc-install/lib/gcc/x86_64-pc-linux-gnu/14.2.0/../../../../lib64/:/lib/x86_64-linux-gnu/:/lib/../lib64/:/usr/lib/x86_64-linux-gnu/:/usr/lib/../lib64/:/lab/home/labsticc/abdallah/gcc-install/lib/gcc/x86_64-pc-linux-gnu/14.2.0/:/lab/home/labsticc/abdallah/gcc-install/lib/gcc/x86_64-pc-linux-gnu/14.2.0/../../../../lib64/:/lib/x86_64-linux-gnu/:/lib/../lib64/:/usr/lib/x86_64-linux-gnu/:/usr/lib/../lib64/:/lab/home/labsticc/abdallah/gcc-install/lib/gcc/x86_64-pc-linux-gnu/14.2.0/../../../:/lib/:/usr/lib/:/lab/home/labsticc/abdallah/gcc-install/lib/gcc/x86_64-pc-linux-gnu/14.2.0/../../../:/lib/:/usr/lib/
COLLECT_GCC_OPTIONS='-c' '-fno-openacc' '-fno-pie' '-fcf-protection=none' '-O3' '-w' '-O3' '-march=haswell' '-mavx2' '-ffast-math' '-funroll-loops' '-fno-math-errno' '-w' '-w' '-fopenmp' '-v' '-v' '-shared-libgcc' '-pthread'   '-fltrans' '-o' '/tmp/ccRhPdCW.ltrans0.ltrans.o' '-shared-libgcc' '-pthread' '-dumpdir' './cmTC_e8f5c.ltrans0.ltrans.'
COLLECT_GCC_OPTIONS='-w' '-O3' '-march=haswell' '-mavx2' '-flto' '-ffast-math' '-funroll-loops' '-fno-math-errno' '-w' '-w' '-fopenmp' '-v' '-o' 'cmTC_e8f5c' '-v' '-shared-libgcc' '-pthread' '-dumpdir' 'cmTC_e8f5c.'
gmake[1] : on quitte le répertoire « /lab/home/labsticc/abdallah/Documents/SC_PolarDecFreqDomainFER_Sim/dav8/CMakeFiles/CMakeScratch/TryCompile-6sseOc »



Parsed CXX OpenMP implicit link information from above output:
  link line regex: [^( *|.*[/\])(ld|CMAKE_LINK_STARTFILE-NOTFOUND|([^/\]+-)?ld|collect2)[^/\]*( |$)]
  ignore line: [Change Dir: /lab/home/labsticc/abdallah/Documents/SC_PolarDecFreqDomainFER_Sim/dav8/CMakeFiles/CMakeScratch/TryCompile-6sseOc]
  ignore line: []
  ignore line: [Run Build Command(s):/usr/bin/gmake -f Makefile cmTC_e8f5c/fast && /usr/bin/gmake  -f CMakeFiles/cmTC_e8f5c.dir/build.make CMakeFiles/cmTC_e8f5c.dir/build]
  ignore line: [gmake[1] : on entre dans le répertoire « /lab/home/labsticc/abdallah/Documents/SC_PolarDecFreqDomainFER_Sim/dav8/CMakeFiles/CMakeScratch/TryCompile-6sseOc »]
  ignore line: [Building CXX object CMakeFiles/cmTC_e8f5c.dir/OpenMPTryFlag.cpp.o]
  ignore line: [/lab/home/labsticc/abdallah/gcc-install/bin/g++   -w -O3 -march=haswell -mavx2 -flto -ffast-math -funroll-loops -fno-math-errno -w -w -fopenmp -v -std=gnu++17 -o CMakeFiles/cmTC_e8f5c.dir/OpenMPTryFlag.cpp.o -c /lab/home/labsticc/abdallah/Documents/SC_PolarDecFreqDomainFER_Sim/dav8/CMakeFiles/CMakeScratch/TryCompile-6sseOc/OpenMPTryFlag.cpp]
  ignore line: [Using built-in specs.]
  ignore line: [COLLECT_GCC=/lab/home/labsticc/abdallah/gcc-install/bin/g++]
  ignore line: [Target: x86_64-pc-linux-gnu]
  ignore line: [Configured with: ../gcc-14.2.0/configure --prefix=/lab/home/labsticc/abdallah/gcc-install --disable-multilib --enable-languages=c c++ --disable-nls --with-system-zlib]
  ignore line: [Thread model: posix]
  ignore line: [Supported LTO compression algorithms: zlib]
  ignore line: [gcc version 14.2.0 (GCC) ]
  ignore line: [COLLECT_GCC_OPTIONS='-w' '-O3' '-march=haswell' '-mavx2' '-flto' '-ffast-math' '-funroll-loops' '-fno-math-errno' '-w' '-w' '-fopenmp' '-v' '-std=gnu++17' '-o' 'CMakeFiles/cmTC_e8f5c.dir/OpenMPTryFlag.cpp.o' '-c' '-shared-libgcc' '-pthread' '-dumpdir' 'CMakeFiles/cmTC_e8f5c.dir/']
  ignore line: [ /lab/home/labsticc/abdallah/gcc-install/libexec/gcc/x86_64-pc-linux-gnu/14.2.0/cc1plus -quiet -v -imultiarch x86_64-linux-gnu -D_GNU_SOURCE -D_REENTRANT /lab/home/labsticc/abdallah/Documents/SC_PolarDecFreqDomainFER_Sim/dav8/CMakeFiles/CMakeScratch/TryCompile-6sseOc/OpenMPTryFlag.cpp -quiet -dumpdir CMakeFiles/cmTC_e8f5c.dir/ -dumpbase OpenMPTryFlag.cpp.cpp -dumpbase-ext .cpp -march=haswell -mavx2 -O3 -w -w -w -std=gnu++17 -version -flto -ffast-math -funroll-loops -fno-math-errno -fopenmp -o /tmp/ccCl4yuP.s]
  ignore line: [GNU C++17 (GCC) version 14.2.0 (x86_64-pc-linux-gnu)]
  ignore line: [	compiled by GNU C version 14.2.0  GMP version 6.2.1  MPFR version 4.1.0  MPC version 1.2.1  isl version isl-0.24-GMP]
  ignore line: []
  ignore line: [GGC heuristics: --param ggc-min-expand=100 --param ggc-min-heapsize=131072]
  ignore line: [ignoring nonexistent directory "/usr/local/include/x86_64-linux-gnu"]
  ignore line: [ignoring nonexistent directory "/lab/home/labsticc/abdallah/gcc-install/lib/gcc/x86_64-pc-linux-gnu/14.2.0/include-fixed/x86_64-linux-gnu"]
  ignore line: [ignoring nonexistent directory "/lab/home/labsticc/abdallah/gcc-install/lib/gcc/x86_64-pc-linux-gnu/14.2.0/../../../../x86_64-pc-linux-gnu/include"]
  ignore line: [#include "..." search starts here:]
  ignore line: [#include <...> search starts here:]
  ignore line: [ /lab/home/labsticc/abdallah/gcc-install/lib/gcc/x86_64-pc-linux-gnu/14.2.0/../../../../include/c++/14.2.0]
  ignore line: [ /lab/home/labsticc/abdallah/gcc-install/lib/gcc/x86_64-pc-linux-gnu/14.2.0/../../../../include/c++/14.2.0/x86_64-pc-linux-gnu]
  ignore line: [ /lab/home/labsticc/abdallah/gcc-install/lib/gcc/x86_64-pc-linux-gnu/14.2.0/../../../../include/c++/14.2.0/backward]
  ignore line: [ /lab/home/labsticc/abdallah/gcc-install/lib/gcc/x86_64-pc-linux-gnu/14.2.0/include]
  ignore line: [ /usr/local/include]
  ignore line: [ /lab/home/labsticc/abdallah/gcc-install/include]
  ignore line: [ /lab/home/labsticc/abdallah/gcc-install/lib/gcc/x86_64-pc-linux-gnu/14.2.0/include-fixed]
  ignore line: [ /usr/include/x86_64-linux-gnu]
  ignore line: [ /usr/include]
  ignore line: [End of search list.]
  ignore line: [Compiler executable checksum: 5d659a0dd597c6877d4c14caa4207daa]
  ignore line: [COLLECT_GCC_OPTIONS='-w' '-O3' '-march=haswell' '-mavx2' '-flto' '-ffast-math' '-funroll-loops' '-fno-math-errno' '-w' '-w' '-fopenmp' '-v' '-std=gnu++17' '-o' 'CMakeFiles/cmTC_e8f5c.dir/OpenMPTryFlag.cpp.o' '-c' '-shared-libgcc' '-pthread' '-dumpdir' 'CMakeFiles/cmTC_e8f5c.dir/']
  ignore line: [ as -v -W --64 -o CMakeFiles/cmTC_e8f5c.dir/OpenMPTryFlag.cpp.o /tmp/ccCl4yuP.s]
  ignore line: [Version de l'assembleur GNU 2.40 (x86_64-linux-gnu) utilisant la version BFD (GNU Binutils for Debian) 2.40]
  ignore line: [COMPILER_PATH=/lab/home/labsticc/abdallah/gcc-install/libexec/gcc/x86_64-pc-linux-gnu/14.2.0/:/lab/home/labsticc/abdallah/gcc-install/libexec/gcc/x86_64-pc-linux-gnu/14.2.0/:/lab/home/labsticc/abdallah/gcc-install/libexec/gcc/x86_64-pc-linux-gnu/:/lab/home/labsticc/abdallah/gcc-install/lib/gcc/x86_64-pc-linux-gnu/14.2.0/:/lab/home/labsticc/abdallah/gcc-install/lib/gcc/x86_64-pc-linux-gnu/]
  ignore line: [LIBRARY_PATH=/lab/home/labsticc/abdallah/gcc-install/lib/gcc/x86_64-pc-linux-gnu/14.2.0/:/lab/home/labsticc/abdallah/gcc-install/lib/gcc/x86_64-pc-linux-gnu/14.2.0/../../../../lib64/:/lib/x86_64-linux-gnu/:/lib/../lib64/:/usr/lib/x86_64-linux-gnu/:/usr/lib/../lib64/:/lab/home/labsticc/abdallah/gcc-install/lib/gcc/x86_64-pc-linux-gnu/14.2.0/../../../:/lib/:/usr/lib/]
  ignore line: [COLLECT_GCC_OPTIONS='-w' '-O3' '-march=haswell' '-mavx2' '-flto' '-ffast-math' '-funroll-loops' '-fno-math-errno' '-w' '-w' '-fopenmp' '-v' '-std=gnu++17' '-o' 'CMakeFiles/cmTC_e8f5c.dir/OpenMPTryFlag.cpp.o' '-c' '-shared-libgcc' '-pthread' '-dumpdir' 'CMakeFiles/cmTC_e8f5c.dir/OpenMPTryFlag.cpp.']
  ignore line: [Linking CXX executable cmTC_e8f5c]
  ignore line: [/usr/bin/cmake -E cmake_link_script CMakeFiles/cmTC_e8f5c.dir/link.txt --verbose=1]
  ignore line: [/lab/home/labsticc/abdallah/gcc-install/bin/g++  -w -O3 -march=haswell -mavx2 -flto -ffast-math -funroll-loops -fno-math-errno -w -w -fopenmp -v CMakeFiles/cmTC_e8f5c.dir/OpenMPTryFlag.cpp.o -o cmTC_e8f5c  -v ]
  ignore line: [Using built-in specs.]
  ignore line: [COLLECT_GCC=/lab/home/labsticc/abdallah/gcc-install/bin/g++]
  ignore line: [COLLECT_LTO_WRAPPER=/lab/home/labsticc/abdallah/gcc-install/libexec/gcc/x86_64-pc-linux-gnu/14.2.0/lto-wrapper]
  ignore line: [Target: x86_64-pc-linux-gnu]
  ignore line: [Configured with: ../gcc-14.2.0/configure --prefix=/lab/home/labsticc/abdallah/gcc-install --disable-multilib --enable-languages=c c++ --disable-nls --with-system-zlib]
  ignore line: [Thread model: posix]
  ignore line: [Supported LTO compression algorithms: zlib]
  ignore line: [gcc version 14.2.0 (GCC) ]
  ignore line: [COMPILER_PATH=/lab/home/labsticc/abdallah/gcc-install/libexec/gcc/x86_64-pc-linux-gnu/14.2.0/:/lab/home/labsticc/abdallah/gcc-install/libexec/gcc/x86_64-pc-linux-gnu/14.2.0/:/lab/home/labsticc/abdallah/gcc-install/libexec/gcc/x86_64-pc-linux-gnu/:/lab/home/labsticc/abdallah/gcc-install/lib/gcc/x86_64-pc-linux-gnu/14.2.0/:/lab/home/labsticc/abdallah/gcc-install/lib/gcc/x86_64-pc-linux-gnu/]
  ignore line: [LIBRARY_PATH=/lab/home/labsticc/abdallah/gcc-install/lib/gcc/x86_64-pc-linux-gnu/14.2.0/:/lab/home/labsticc/abdallah/gcc-install/lib/gcc/x86_64-pc-linux-gnu/14.2.0/../../../../lib64/:/lib/x86_64-linux-gnu/:/lib/../lib64/:/usr/lib/x86_64-linux-gnu/:/usr/lib/../lib64/:/lab/home/labsticc/abdallah/gcc-install/lib/gcc/x86_64-pc-linux-gnu/14.2.0/../../../:/lib/:/usr/lib/]
  ignore line: [Reading specs from /lab/home/labsticc/abdallah/gcc-install/lib/gcc/x86_64-pc-linux-gnu/14.2.0/../../../../lib64/libgomp.spec]
  ignore line: [COLLECT_GCC_OPTIONS='-w' '-O3' '-march=haswell' '-mavx2' '-flto' '-ffast-math' '-funroll-loops' '-fno-math-errno' '-w' '-w' '-fopenmp' '-v' '-o' 'cmTC_e8f5c' '-v' '-shared-libgcc' '-pthread' '-dumpdir' 'cmTC_e8f5c.']
  link line: [ /lab/home/labsticc/abdallah/gcc-install/libexec/gcc/x86_64-pc-linux-gnu/14.2.0/collect2 -plugin /lab/home/labsticc/abdallah/gcc-install/libexec/gcc/x86_64-pc-linux-gnu/14.2.0/liblto_plugin.so -plugin-opt=/lab/home/labsticc/abdallah/gcc-install/libexec/gcc/x86_64-pc-linux-gnu/14.2.0/lto-wrapper -plugin-opt=-fresolution=/tmp/ccLzs8XQ.res -plugin-opt=-pass-through=-lgcc_s -plugin-opt=-pass-through=-lgcc -plugin-opt=-pass-through=-lpthread -plugin-opt=-pass-through=-lc -plugin-opt=-pass-through=-lgcc_s -plugin-opt=-pass-through=-lgcc -flto --eh-frame-hdr -m elf_x86_64 -dynamic-linker /lib64/ld-linux-x86-64.so.2 -o cmTC_e8f5c /lib/x86_64-linux-gnu/crt1.o /lib/x86_64-linux-gnu/crti.o /lab/home/labsticc/abdallah/gcc-install/lib/gcc/x86_64-pc-linux-gnu/14.2.0/crtbegin.o -L/lab/home/labsticc/abdallah/gcc-install/lib/gcc/x86_64-pc-linux-gnu/14.2.0 -L/lab/home/labsticc/abdallah/gcc-install/lib/gcc/x86_64-pc-linux-gnu/14.2.0/../../../../lib64 -L/lib/x86_64-linux-gnu -L/lib/../lib64 -L/usr/lib/x86_64-linux-gnu -L/usr/lib/../lib64 -L/lab/home/labsticc/abdallah/gcc-install/lib/gcc/x86_64-pc-linux-gnu/14.2.0/../../.. CMakeFiles/cmTC_e8f5c.dir/OpenMPTryFlag.cpp.o -lstdc++ -lm -lgomp -lgcc_s -lgcc -lpthread -lc -lgcc_s -lgcc /lab/home/labsticc/abdallah/gcc-install/lib/gcc/x86_64-pc-linux-gnu/14.2.0/crtfastmath.o /lab/home/labsticc/abdallah/gcc-install/lib/gcc/x86_64-pc-linux-gnu/14.2.0/crtend.o /lib/x86_64-linux-gnu/crtn.o]
    arg [/lab/home/labsticc/abdallah/gcc-install/libexec/gcc/x86_64-pc-linux-gnu/14.2.0/collect2] ==> ignore
    arg [-plugin] ==> ignore
    arg [/lab/home/labsticc/abdallah/gcc-install/libexec/gcc/x86_64-pc-linux-gnu/14.2.0/liblto_plugin.so] ==> ignore
    arg [-plugin-opt=/lab/home/labsticc/abdallah/gcc-install/libexec/gcc/x86_64-pc-linux-gnu/14.2.0/lto-wrapper] ==> ignore
    arg [-plugin-opt=-fresolution=/tmp/ccLzs8XQ.res] ==> ignore
    arg [-plugin-opt=-pass-through=-lgcc_s] ==> ignore
    arg [-plugin-opt=-pass-through=-lgcc] ==> ignore
    arg [-plugin-opt=-pass-through=-lpthread] ==> ignore
    arg [-plugin-opt=-pass-through=-lc] ==> ignore
    arg [-plugin-opt=-pass-through=-lgcc_s] ==> ignore
    arg [-plugin-opt=-pass-through=-lgcc] ==> ignore
    arg [-flto] ==> ignore
    arg [--eh-frame-hdr] ==> ignore
    arg [-m] ==> ignore
    arg [elf_x86_64] ==> ignore
    arg [-dynamic-linker] ==> ignore
    arg [/lib64/ld-linux-x86-64.so.2] ==> ignore
    arg [-o] ==> ignore
    arg [cmTC_e8f5c] ==> ignore
    arg [-L/lab/home/labsticc/abdallah/gcc-install/lib/gcc/x86_64-pc-linux-gnu/14.2.0] ==> dir [/lab/home/labsticc/abdallah/gcc-install/lib/gcc/x86_64-pc-linux-gnu/14.2.0]
    arg [-L/lab/home/labsticc/abdallah/gcc-install/lib/gcc/x86_64-pc-linux-gnu/14.2.0/../../../../lib64] ==> dir [/lab/home/labsticc/abdallah/gcc-install/lib/gcc/x86_64-pc-linux-gnu/14.2.0/../../../../lib64]
    arg [-L/lib/x86_64-linux-gnu] ==> dir [/lib/x86_64-linux-gnu]
    arg [-L/lib/../lib64] ==> dir [/lib/../lib64]
    arg [-L/usr/lib/x86_64-linux-gnu] ==> dir [/usr/lib/x86_64-linux-gnu]
    arg [-L/usr/lib/../lib64] ==> dir [/usr/lib/../lib64]
    arg [-L/lab/home/labsticc/abdallah/gcc-install/lib/gcc/x86_64-pc-linux-gnu/14.2.0/../../..] ==> dir [/lab/home/labsticc/abdallah/gcc-install/lib/gcc/x86_64-pc-linux-gnu/14.2.0/../../..]
    arg [CMakeFiles/cmTC_e8f5c.dir/OpenMPTryFlag.cpp.o] ==> ignore
    arg [-lstdc++] ==> lib [stdc++]
    arg [-lm] ==> lib [m]
    arg [-lgomp] ==> lib [gomp]
    arg [-lgcc_s] ==> lib [gcc_s]
    arg [-lgcc] ==> lib [gcc]
    arg [-lpthread] ==> lib [pthread]
    arg [-lc] ==> lib [c]
    arg [-lgcc_s] ==> lib [gcc_s]
    arg [-lgcc] ==> lib [gcc]
  collapse library dir [/lab/home/labsticc/abdallah/gcc-install/lib/gcc/x86_64-pc-linux-gnu/14.2.0] ==> [/lab/home/labsticc/abdallah/gcc-install/lib/gcc/x86_64-pc-linux-gnu/14.2.0]
  collapse library dir [/lab/home/labsticc/abdallah/gcc-install/lib/gcc/x86_64-pc-linux-gnu/14.2.0/../../../../lib64] ==> [/lab/home/labsticc/abdallah/gcc-install/lib64]
  collapse library dir [/lib/x86_64-linux-gnu] ==> [/lib/x86_64-linux-gnu]
  collapse library dir [/lib/../lib64] ==> [/lib64]
  collapse library dir [/usr/lib/x86_64-linux-gnu] ==> [/usr/lib/x86_64-linux-gnu]
  collapse library dir [/usr/lib/../lib64] ==> [/usr/lib64]
  collapse library dir [/lab/home/labsticc/abdallah/gcc-install/lib/gcc/x86_64-pc-linux-gnu/14.2.0/../../..] ==> [/lab/home/labsticc/abdallah/gcc-install/lib]
  implicit libs: [stdc++;m;gomp;gcc_s;gcc;pthread;c;gcc_s;gcc]
  implicit objs: []
  implicit dirs: [/lab/home/labsticc/abdallah/gcc-install/lib/gcc/x86_64-pc-linux-gnu/14.2.0;/lab/home/labsticc/abdallah/gcc-install/lib64;/lib/x86_64-linux-gnu;/lib64;/usr/lib/x86_64-linux-gnu;/usr/lib64;/lab/home/labsticc/abdallah/gcc-install/lib]
  implicit fwks: []


